// Jest Snapshot v1, https://goo.gl/fbAQLP

exports[`renders with no cards 1`] = `
<div
  className="sc-bdVaJa cHlqDA"
/>
`;
